No config path provided, using default 'drizzle.config.ts'
Reading config file '/Users/gabrielramos/projetos/ASOF/intranet/drizzle.config.ts'
Using 'postgres' driver for database querying
[⣷] applying migrations...[2K[1G[⣯] applying migrations...[2K[1G[⣟] applying migrations...{
  severity_local: 'NOTICE',
  severity: 'NOTICE',
  code: '42P06',
  message: 'schema "drizzle" already exists, skipping',
  file: 'schemacmds.c',
  line: '132',
  routine: 'CreateSchemaCommand'
}
{
  severity_local: 'NOTICE',
  severity: 'NOTICE',
  code: '42P07',
  message: 'relation "__drizzle_migrations" already exists, skipping',
  file: 'parse_utilcmd.c',
  line: '207',
  routine: 'transformCreateStmt'
}
[2K[1G[⡿] applying migrations...[2K[1G[⢿] applying migrations...[2K[1G[⣻] applying migrations...{
  severity_local: 'NOTICE',
  severity: 'NOTICE',
  code: '42701',
  message: 'column "assinafy_signing_url" of relation "oficios" already exists, skipping',
  file: 'tablecmds.c',
  line: '7471',
  routine: 'check_for_column_name_collision'
}
[2K[1G[⣽] applying migrations...[2K[1G[⣽] applying migrations...EXIT_CODE: 1
